// Jest Snapshot v1, https://goo.gl/fbAQLP

exports[`snapshot 1`] = `"<div class=\\"app-section select-difficulty\\"><div class=\\"select-difficulty-container \\"><div class=\\"select-difficulty-section\\"><div class=\\"select-difficulty-row\\"><div class=\\"select-difficulty-item\\" data-testid=\\"defaultconfig8810\\"><div>8 x 8</div><div>10 个雷</div></div><div class=\\"select-difficulty-item\\" data-testid=\\"defaultconfig161640\\"><div>16 x 16</div><div>40 个雷</div></div></div><div class=\\"select-difficulty-row\\"><div class=\\"select-difficulty-item\\" data-testid=\\"defaultconfig301699\\"><div>30 x 16</div><div>99 个雷</div></div><div class=\\"select-difficulty-item\\" data-testid=\\"custom-trigger\\"><div>?</div><div>自定义</div></div></div></div><div class=\\"select-difficulty-section\\"><div><div class=\\"form-group\\"><label class=\\"form-label\\">宽度</label><div data-testid=\\"dummy-mine-sweeper-input-number\\">30</div></div><div class=\\"form-group\\"><label class=\\"form-label\\">高度</label><div data-testid=\\"dummy-mine-sweeper-input-number\\">16</div></div><div class=\\"form-group\\"><label class=\\"form-label\\">雷数</label><div data-testid=\\"dummy-mine-sweeper-input-number\\">99</div></div><div class=\\"form-group\\"><button class=\\"mine-sweeper-button\\" data-testid=\\"play-btn\\">玩游戏</button></div><div class=\\"form-group\\"><button class=\\"mine-sweeper-button\\" data-testid=\\"cancel-btn\\">取消</button></div></div></div></div></div>"`;
