// Jest Snapshot v1, https://goo.gl/fbAQLP

exports[`snapshot 1`] = `"<div class=\\"input-group\\"><div class=\\"input-group-addon\\" data-testid=\\"minus\\">-</div><input class=\\"form-control\\" data-testid=\\"form-input\\" value=\\"1\\"><div class=\\"input-group-addon\\" data-testid=\\"plus\\">+</div></div>"`;
